Component: ARM Compiler 5.06 update 1 (build 61) Tool: armlink [4d35a8]

==============================================================================

Section Cross References

    startup_stm32f0xx.o(STACK) refers (Special) to heapauxi.o(.text) for __use_two_region_memory
    startup_stm32f0xx.o(HEAP) refers (Special) to heapauxi.o(.text) for __use_two_region_memory
    startup_stm32f0xx.o(RESET) refers (Special) to heapauxi.o(.text) for __use_two_region_memory
    startup_stm32f0xx.o(RESET) refers to startup_stm32f0xx.o(STACK) for __initial_sp
    startup_stm32f0xx.o(RESET) refers to startup_stm32f0xx.o(.text) for Reset_Handler
    startup_stm32f0xx.o(RESET) refers to stm32f0xx_it.o(.text) for NMI_Handler
    startup_stm32f0xx.o(RESET) refers to dma.o(.text) for DMA1_Channel2_3_IRQHandler
    startup_stm32f0xx.o(RESET) refers to usart1.o(.text) for USART1_IRQHandler
    startup_stm32f0xx.o(.text) refers (Special) to heapauxi.o(.text) for __use_two_region_memory
    startup_stm32f0xx.o(.text) refers to system_stm32f0xx_1.o(.text) for SystemInit
    startup_stm32f0xx.o(.text) refers to __main.o(!!!main) for __main
    startup_stm32f0xx.o(.text) refers to startup_stm32f0xx.o(HEAP) for Heap_Mem
    startup_stm32f0xx.o(.text) refers to startup_stm32f0xx.o(STACK) for Stack_Mem
    stm32f0xx_adc.o(.text) refers to stm32f0xx_rcc.o(.text) for RCC_APB2PeriphResetCmd
    stm32f0xx_cec.o(.text) refers to stm32f0xx_rcc.o(.text) for RCC_APB1PeriphResetCmd
    stm32f0xx_dac.o(.text) refers to stm32f0xx_rcc.o(.text) for RCC_APB1PeriphResetCmd
    stm32f0xx_gpio.o(.text) refers to stm32f0xx_rcc.o(.text) for RCC_AHBPeriphResetCmd
    stm32f0xx_i2c.o(.text) refers to stm32f0xx_rcc.o(.text) for RCC_APB1PeriphResetCmd
    stm32f0xx_pwr.o(.text) refers to stm32f0xx_rcc.o(.text) for RCC_APB1PeriphResetCmd
    stm32f0xx_rcc.o(.text) refers to aeabi_sdiv.o(.text) for __aeabi_uidivmod
    stm32f0xx_rcc.o(.text) refers to stm32f0xx_rcc.o(.data) for APBAHBPrescTable
    stm32f0xx_spi.o(.text) refers to stm32f0xx_rcc.o(.text) for RCC_APB2PeriphResetCmd
    stm32f0xx_spi.o(.text) refers to aeabi_sdiv.o(.text) for __aeabi_uidivmod
    stm32f0xx_tim.o(.text) refers to stm32f0xx_rcc.o(.text) for RCC_APB2PeriphResetCmd
    stm32f0xx_usart.o(.text) refers to stm32f0xx_rcc.o(.text) for RCC_APB2PeriphResetCmd
    stm32f0xx_usart.o(.text) refers to aeabi_sdiv.o(.text) for __aeabi_uidivmod
    stm32f0xx_wwdg.o(.text) refers to stm32f0xx_rcc.o(.text) for RCC_APB1PeriphResetCmd
    main.o(.text) refers to toolsfun.o(.text) for Systick_Init
    main.o(.text) refers to usart1.o(.text) for USART1_Init
    main.o(.text) refers to dma.o(.text) for DMA_Config
    main.o(.text) refers to stm32f0xx_gpio.o(.text) for GPIO_ResetBits
    main.o(.text) refers to toolsfun.o(.data) for RFPowerSettingButton
    main.o(.text) refers to dma.o(.data) for DMAbusy
    system_stm32f0xx_1.o(.text) refers to aeabi_sdiv.o(.text) for __aeabi_uidivmod
    system_stm32f0xx_1.o(.text) refers to system_stm32f0xx_1.o(.data) for SystemCoreClock
    dma.o(.text) refers to stm32f0xx_rcc.o(.text) for RCC_AHBPeriphClockCmd
    dma.o(.text) refers to stm32f0xx_dma.o(.text) for DMA_DeInit
    dma.o(.text) refers to stm32f0xx_misc.o(.text) for NVIC_Init
    dma.o(.text) refers to dma.o(.bss) for USART1_RECEIVE_DATA
    dma.o(.text) refers to dma.o(.data) for DMAbusy
    m500.o(.text) refers to dma.o(.text) for Send_Data_DMA
    m500.o(.text) refers to m500.o(.data) for cmd_read_EPC
    toolsfun.o(.text) refers to stm32f0xx_rcc.o(.text) for RCC_AHBPeriphClockCmd
    toolsfun.o(.text) refers to stm32f0xx_gpio.o(.text) for GPIO_Init
    toolsfun.o(.text) refers to aeabi_sdiv.o(.text) for __aeabi_uidivmod
    toolsfun.o(.text) refers to dma.o(.text) for Send_Data_DMA
    toolsfun.o(.text) refers to stm32f0xx_syscfg.o(.text) for SYSCFG_EXTILineConfig
    toolsfun.o(.text) refers to stm32f0xx_exti.o(.text) for EXTI_Init
    toolsfun.o(.text) refers to stm32f0xx_misc.o(.text) for NVIC_Init
    toolsfun.o(.text) refers to toolsfun.o(.data) for fac_ms
    toolsfun.o(.text) refers to toolsfun.o(.bss) for Card_Ids
    toolsfun.o(.text) refers to system_stm32f0xx_1.o(.data) for SystemCoreClock
    toolsfun.o(.text) refers to toolsfun.o(.constdata) for crc_ta
    usart1.o(.text) refers to stm32f0xx_rcc.o(.text) for RCC_AHBPeriphClockCmd
    usart1.o(.text) refers to stm32f0xx_gpio.o(.text) for GPIO_PinAFConfig
    usart1.o(.text) refers to stm32f0xx_usart.o(.text) for USART_Init
    usart1.o(.text) refers to stm32f0xx_misc.o(.text) for NVIC_Init
    usart1.o(.text) refers to stm32f0xx_dma.o(.text) for DMA_Cmd
    usart1.o(.text) refers to toolsfun.o(.text) for Process_Data
    usart1.o(.text) refers to usart1.o(.data) for DATA_LEN
    usart1.o(.text) refers to dma.o(.bss) for USART1_RECEIVE_DATA
    stm32f0xx_it.o(.text) refers to toolsfun.o(.text) for TimingDelay_Decrement
    stm32f0xx_it.o(.text) refers to stm32f0xx_exti.o(.text) for EXTI_GetITStatus
    stm32f0xx_it.o(.text) refers to stm32f0xx_gpio.o(.text) for GPIO_ReadInputDataBit
    stm32f0xx_it.o(.text) refers to toolsfun.o(.data) for runstate
    stm32f0xx_it.o(.text) refers to dma.o(.data) for DMAbusy
    __main.o(!!!main) refers to __rtentry.o(.ARM.Collect$$rtentry$$00000000) for __rt_entry
    __rtentry.o(.ARM.Collect$$rtentry$$00000000) refers (Special) to __rtentry2.o(.ARM.Collect$$rtentry$$0000000A) for __rt_entry_li
    __rtentry.o(.ARM.Collect$$rtentry$$00000000) refers (Special) to __rtentry2.o(.ARM.Collect$$rtentry$$0000000D) for __rt_entry_main
    __rtentry.o(.ARM.Collect$$rtentry$$00000000) refers (Special) to __rtentry2.o(.ARM.Collect$$rtentry$$0000000C) for __rt_entry_postli_1
    __rtentry.o(.ARM.Collect$$rtentry$$00000000) refers (Special) to __rtentry2.o(.ARM.Collect$$rtentry$$00000009) for __rt_entry_postsh_1
    __rtentry.o(.ARM.Collect$$rtentry$$00000000) refers (Special) to __rtentry2.o(.ARM.Collect$$rtentry$$00000002) for __rt_entry_presh_1
    __rtentry.o(.ARM.Collect$$rtentry$$00000000) refers (Special) to __rtentry4.o(.ARM.Collect$$rtentry$$00000004) for __rt_entry_sh
    aeabi_idiv0_sigfpe.o(.text) refers to rt_div0.o(.text) for __rt_div0
    __rtentry2.o(.ARM.Collect$$rtentry$$00000008) refers to boardinit2.o(.text) for _platform_post_stackheap_init
    __rtentry2.o(.ARM.Collect$$rtentry$$0000000A) refers to libinit.o(.ARM.Collect$$libinit$$00000000) for __rt_lib_init
    __rtentry2.o(.ARM.Collect$$rtentry$$0000000B) refers to boardinit3.o(.text) for _platform_post_lib_init
    __rtentry2.o(.ARM.Collect$$rtentry$$0000000D) refers to main.o(.text) for main
    __rtentry2.o(.ARM.Collect$$rtentry$$0000000D) refers to exit.o(.text) for exit
    __rtentry2.o(.ARM.exidx) refers to __rtentry2.o(.ARM.Collect$$rtentry$$00000001) for .ARM.Collect$$rtentry$$00000001
    __rtentry2.o(.ARM.exidx) refers to __rtentry2.o(.ARM.Collect$$rtentry$$00000008) for .ARM.Collect$$rtentry$$00000008
    __rtentry2.o(.ARM.exidx) refers to __rtentry2.o(.ARM.Collect$$rtentry$$0000000A) for .ARM.Collect$$rtentry$$0000000A
    __rtentry2.o(.ARM.exidx) refers to __rtentry2.o(.ARM.Collect$$rtentry$$0000000B) for .ARM.Collect$$rtentry$$0000000B
    __rtentry2.o(.ARM.exidx) refers to __rtentry2.o(.ARM.Collect$$rtentry$$0000000D) for .ARM.Collect$$rtentry$$0000000D
    __rtentry4.o(.ARM.Collect$$rtentry$$00000004) refers to sys_stackheap_outer.o(.text) for __user_setup_stackheap
    __rtentry4.o(.ARM.exidx) refers to __rtentry4.o(.ARM.Collect$$rtentry$$00000004) for .ARM.Collect$$rtentry$$00000004
    rt_div0.o(.text) refers to defsig_fpe_outer.o(.text) for __rt_SIGFPE
    sys_stackheap_outer.o(.text) refers to libspace.o(.text) for __user_perproc_libspace
    sys_stackheap_outer.o(.text) refers to startup_stm32f0xx.o(.text) for __user_initial_stackheap
    sys_stackheap_outer.o(__vectab_stack_and_reset_area) refers to tempstk.o(.text) for __temporary_stack_top
    sys_stackheap_outer.o(__vectab_stack_and_reset_area) refers to __main.o(!!!main) for __main
    exit.o(.text) refers to rtexit.o(.ARM.Collect$$rtexit$$00000000) for __rt_exit
    defsig_fpe_outer.o(.text) refers to defsig_fpe_inner.o(.text) for __rt_SIGFPE_inner
    defsig_fpe_outer.o(.text) refers to defsig_exit.o(.text) for __sig_exit
    defsig_fpe_formal.o(.text) refers to rt_raise.o(.text) for __rt_raise
    libinit.o(.ARM.Collect$$libinit$$00000000) refers (Special) to libinit2.o(.ARM.Collect$$libinit$$0000002E) for __rt_lib_init_alloca_1
    libinit.o(.ARM.Collect$$libinit$$00000000) refers (Special) to libinit2.o(.ARM.Collect$$libinit$$0000002C) for __rt_lib_init_argv_1
    libinit.o(.ARM.Collect$$libinit$$00000000) refers (Special) to libinit2.o(.ARM.Collect$$libinit$$0000001B) for __rt_lib_init_atexit_1
    libinit.o(.ARM.Collect$$libinit$$00000000) refers (Special) to libinit2.o(.ARM.Collect$$libinit$$00000021) for __rt_lib_init_clock_1
    libinit.o(.ARM.Collect$$libinit$$00000000) refers (Special) to libinit2.o(.ARM.Collect$$libinit$$00000032) for __rt_lib_init_cpp_1
    libinit.o(.ARM.Collect$$libinit$$00000000) refers (Special) to libinit2.o(.ARM.Collect$$libinit$$00000030) for __rt_lib_init_exceptions_1
    libinit.o(.ARM.Collect$$libinit$$00000000) refers (Special) to libinit2.o(.ARM.Collect$$libinit$$00000002) for __rt_lib_init_fp_1
    libinit.o(.ARM.Collect$$libinit$$00000000) refers (Special) to libinit2.o(.ARM.Collect$$libinit$$0000001F) for __rt_lib_init_fp_trap_1
    libinit.o(.ARM.Collect$$libinit$$00000000) refers (Special) to libinit2.o(.ARM.Collect$$libinit$$00000023) for __rt_lib_init_getenv_1
    libinit.o(.ARM.Collect$$libinit$$00000000) refers (Special) to libinit2.o(.ARM.Collect$$libinit$$0000000A) for __rt_lib_init_heap_1
    libinit.o(.ARM.Collect$$libinit$$00000000) refers (Special) to libinit2.o(.ARM.Collect$$libinit$$00000011) for __rt_lib_init_lc_collate_1
    libinit.o(.ARM.Collect$$libinit$$00000000) refers (Special) to libinit2.o(.ARM.Collect$$libinit$$00000013) for __rt_lib_init_lc_ctype_1
    libinit.o(.ARM.Collect$$libinit$$00000000) refers (Special) to libinit2.o(.ARM.Collect$$libinit$$00000015) for __rt_lib_init_lc_monetary_1
    libinit.o(.ARM.Collect$$libinit$$00000000) refers (Special) to libinit2.o(.ARM.Collect$$libinit$$00000017) for __rt_lib_init_lc_numeric_1
    libinit.o(.ARM.Collect$$libinit$$00000000) refers (Special) to libinit2.o(.ARM.Collect$$libinit$$00000019) for __rt_lib_init_lc_time_1
    libinit.o(.ARM.Collect$$libinit$$00000000) refers (Special) to libinit2.o(.ARM.Collect$$libinit$$00000004) for __rt_lib_init_preinit_1
    libinit.o(.ARM.Collect$$libinit$$00000000) refers (Special) to libinit2.o(.ARM.Collect$$libinit$$0000000E) for __rt_lib_init_rand_1
    libinit.o(.ARM.Collect$$libinit$$00000000) refers (Special) to libinit2.o(.ARM.Collect$$libinit$$00000033) for __rt_lib_init_return
    libinit.o(.ARM.Collect$$libinit$$00000000) refers (Special) to libinit2.o(.ARM.Collect$$libinit$$0000001D) for __rt_lib_init_signal_1
    libinit.o(.ARM.Collect$$libinit$$00000000) refers (Special) to libinit2.o(.ARM.Collect$$libinit$$00000025) for __rt_lib_init_stdio_1
    libinit.o(.ARM.Collect$$libinit$$00000000) refers (Special) to libinit2.o(.ARM.Collect$$libinit$$0000000C) for __rt_lib_init_user_alloc_1
    libspace.o(.text) refers to libspace.o(.bss) for __libspace_start
    rtexit.o(.ARM.Collect$$rtexit$$00000000) refers (Special) to rtexit2.o(.ARM.Collect$$rtexit$$00000004) for __rt_exit_exit
    rtexit.o(.ARM.Collect$$rtexit$$00000000) refers (Special) to rtexit2.o(.ARM.Collect$$rtexit$$00000003) for __rt_exit_ls
    rtexit.o(.ARM.Collect$$rtexit$$00000000) refers (Special) to rtexit2.o(.ARM.Collect$$rtexit$$00000002) for __rt_exit_prels_1
    rtexit.o(.ARM.exidx) refers (Special) to rtexit2.o(.ARM.Collect$$rtexit$$00000004) for __rt_exit_exit
    rtexit.o(.ARM.exidx) refers (Special) to rtexit2.o(.ARM.Collect$$rtexit$$00000003) for __rt_exit_ls
    rtexit.o(.ARM.exidx) refers (Special) to rtexit2.o(.ARM.Collect$$rtexit$$00000002) for __rt_exit_prels_1
    rtexit.o(.ARM.exidx) refers to rtexit.o(.ARM.Collect$$rtexit$$00000000) for .ARM.Collect$$rtexit$$00000000
    rt_raise.o(.text) refers to __raise.o(.text) for __raise
    rt_raise.o(.text) refers to sys_exit.o(.text) for _sys_exit
    defsig_exit.o(.text) refers to sys_exit.o(.text) for _sys_exit
    defsig_fpe_inner.o(.text) refers to defsig_general.o(.text) for __default_signal_display
    libinit2.o(.ARM.Collect$$libinit$$00000010) refers to libinit2.o(.ARM.Collect$$libinit$$0000000F) for .ARM.Collect$$libinit$$0000000F
    libinit2.o(.ARM.Collect$$libinit$$00000012) refers to libinit2.o(.ARM.Collect$$libinit$$0000000F) for .ARM.Collect$$libinit$$0000000F
    libinit2.o(.ARM.Collect$$libinit$$00000014) refers to libinit2.o(.ARM.Collect$$libinit$$0000000F) for .ARM.Collect$$libinit$$0000000F
    libinit2.o(.ARM.Collect$$libinit$$00000016) refers to libinit2.o(.ARM.Collect$$libinit$$0000000F) for .ARM.Collect$$libinit$$0000000F
    libinit2.o(.ARM.Collect$$libinit$$00000018) refers to libinit2.o(.ARM.Collect$$libinit$$0000000F) for .ARM.Collect$$libinit$$0000000F
    libinit2.o(.ARM.Collect$$libinit$$00000026) refers to argv_veneer.o(.text) for __ARM_argv_veneer
    libinit2.o(.ARM.Collect$$libinit$$00000027) refers to argv_veneer.o(.text) for __ARM_argv_veneer
    sys_exit.o(.text) refers (Special) to use_no_semi.o(.text) for __I$use$semihosting
    sys_exit.o(.text) refers (Special) to indicate_semi.o(.text) for __semihosting_library_function
    rtexit2.o(.ARM.Collect$$rtexit$$00000003) refers to libshutdown.o(.ARM.Collect$$libshutdown$$00000000) for __rt_lib_shutdown
    rtexit2.o(.ARM.Collect$$rtexit$$00000004) refers to sys_exit.o(.text) for _sys_exit
    rtexit2.o(.ARM.exidx) refers to rtexit2.o(.ARM.Collect$$rtexit$$00000001) for .ARM.Collect$$rtexit$$00000001
    rtexit2.o(.ARM.exidx) refers to rtexit2.o(.ARM.Collect$$rtexit$$00000003) for .ARM.Collect$$rtexit$$00000003
    rtexit2.o(.ARM.exidx) refers to rtexit2.o(.ARM.Collect$$rtexit$$00000004) for .ARM.Collect$$rtexit$$00000004
    __raise.o(.text) refers to defsig.o(CL$$defsig) for __default_signal_handler
    defsig_general.o(.text) refers to sys_wrch.o(.text) for _ttywrch
    sys_wrch.o(.text) refers (Special) to use_no_semi.o(.text) for __I$use$semihosting
    sys_wrch.o(.text) refers (Special) to indicate_semi.o(.text) for __semihosting_library_function
    defsig.o(CL$$defsig) refers to defsig_fpe_inner.o(.text) for __rt_SIGFPE_inner
    defsig.o(CL$$defsig) refers to defsig_rtmem_inner.o(.text) for __rt_SIGRTMEM_inner
    _get_argv_nomalloc.o(.text) refers (Special) to hrguard.o(.text) for __heap_region$guard
    _get_argv_nomalloc.o(.text) refers to defsig_rtmem_outer.o(.text) for __rt_SIGRTMEM
    _get_argv_nomalloc.o(.text) refers to sys_command.o(.text) for _sys_command_string
    libshutdown.o(.ARM.Collect$$libshutdown$$00000000) refers (Special) to libshutdown2.o(.ARM.Collect$$libshutdown$$00000002) for __rt_lib_shutdown_cpp_1
    libshutdown.o(.ARM.Collect$$libshutdown$$00000000) refers (Special) to libshutdown2.o(.ARM.Collect$$libshutdown$$00000007) for __rt_lib_shutdown_fp_trap_1
    libshutdown.o(.ARM.Collect$$libshutdown$$00000000) refers (Special) to libshutdown2.o(.ARM.Collect$$libshutdown$$0000000F) for __rt_lib_shutdown_heap_1
    libshutdown.o(.ARM.Collect$$libshutdown$$00000000) refers (Special) to libshutdown2.o(.ARM.Collect$$libshutdown$$00000010) for __rt_lib_shutdown_return
    libshutdown.o(.ARM.Collect$$libshutdown$$00000000) refers (Special) to libshutdown2.o(.ARM.Collect$$libshutdown$$0000000A) for __rt_lib_shutdown_signal_1
    libshutdown.o(.ARM.Collect$$libshutdown$$00000000) refers (Special) to libshutdown2.o(.ARM.Collect$$libshutdown$$00000004) for __rt_lib_shutdown_stdio_1
    libshutdown.o(.ARM.Collect$$libshutdown$$00000000) refers (Special) to libshutdown2.o(.ARM.Collect$$libshutdown$$0000000C) for __rt_lib_shutdown_user_alloc_1
    sys_command.o(.text) refers (Special) to use_no_semi.o(.text) for __I$use$semihosting
    sys_command.o(.text) refers (Special) to indicate_semi.o(.text) for __semihosting_library_function
    defsig_abrt_inner.o(.text) refers to defsig_general.o(.text) for __default_signal_display
    defsig_rtred_inner.o(.text) refers to defsig_general.o(.text) for __default_signal_display
    defsig_rtmem_inner.o(.text) refers to defsig_general.o(.text) for __default_signal_display
    defsig_rtmem_outer.o(.text) refers to defsig_rtmem_inner.o(.text) for __rt_SIGRTMEM_inner
    defsig_rtmem_outer.o(.text) refers to defsig_exit.o(.text) for __sig_exit
    defsig_rtmem_formal.o(.text) refers to rt_raise.o(.text) for __rt_raise
    defsig_stak_inner.o(.text) refers to defsig_general.o(.text) for __default_signal_display
    defsig_pvfn_inner.o(.text) refers to defsig_general.o(.text) for __default_signal_display
    defsig_cppl_inner.o(.text) refers to defsig_general.o(.text) for __default_signal_display
    defsig_segv_inner.o(.text) refers to defsig_general.o(.text) for __default_signal_display
    defsig_other.o(.text) refers to defsig_general.o(.text) for __default_signal_display


==============================================================================

Removing Unused input sections from the image.

    Removing stm32f0xx_adc.o(.rev16_text), (4 bytes).
    Removing stm32f0xx_adc.o(.revsh_text), (4 bytes).
    Removing stm32f0xx_adc.o(.text), (744 bytes).
    Removing stm32f0xx_cec.o(.rev16_text), (4 bytes).
    Removing stm32f0xx_cec.o(.revsh_text), (4 bytes).
    Removing stm32f0xx_cec.o(.text), (336 bytes).
    Removing stm32f0xx_comp.o(.rev16_text), (4 bytes).
    Removing stm32f0xx_comp.o(.revsh_text), (4 bytes).
    Removing stm32f0xx_comp.o(.text), (232 bytes).
    Removing stm32f0xx_crc.o(.rev16_text), (4 bytes).
    Removing stm32f0xx_crc.o(.revsh_text), (4 bytes).
    Removing stm32f0xx_crc.o(.text), (160 bytes).
    Removing stm32f0xx_dac.o(.rev16_text), (4 bytes).
    Removing stm32f0xx_dac.o(.revsh_text), (4 bytes).
    Removing stm32f0xx_dac.o(.text), (380 bytes).
    Removing stm32f0xx_dbgmcu.o(.rev16_text), (4 bytes).
    Removing stm32f0xx_dbgmcu.o(.revsh_text), (4 bytes).
    Removing stm32f0xx_dbgmcu.o(.text), (108 bytes).
    Removing stm32f0xx_dma.o(.rev16_text), (4 bytes).
    Removing stm32f0xx_dma.o(.revsh_text), (4 bytes).
    Removing stm32f0xx_exti.o(.rev16_text), (4 bytes).
    Removing stm32f0xx_exti.o(.revsh_text), (4 bytes).
    Removing stm32f0xx_flash.o(.rev16_text), (4 bytes).
    Removing stm32f0xx_flash.o(.revsh_text), (4 bytes).
    Removing stm32f0xx_flash.o(.text), (1512 bytes).
    Removing stm32f0xx_gpio.o(.rev16_text), (4 bytes).
    Removing stm32f0xx_gpio.o(.revsh_text), (4 bytes).
    Removing stm32f0xx_i2c.o(.rev16_text), (4 bytes).
    Removing stm32f0xx_i2c.o(.revsh_text), (4 bytes).
    Removing stm32f0xx_i2c.o(.text), (1132 bytes).
    Removing stm32f0xx_iwdg.o(.rev16_text), (4 bytes).
    Removing stm32f0xx_iwdg.o(.revsh_text), (4 bytes).
    Removing stm32f0xx_iwdg.o(.text), (76 bytes).
    Removing stm32f0xx_misc.o(.rev16_text), (4 bytes).
    Removing stm32f0xx_misc.o(.revsh_text), (4 bytes).
    Removing stm32f0xx_pwr.o(.rev16_text), (4 bytes).
    Removing stm32f0xx_pwr.o(.revsh_text), (4 bytes).
    Removing stm32f0xx_pwr.o(.text), (316 bytes).
    Removing stm32f0xx_rcc.o(.rev16_text), (4 bytes).
    Removing stm32f0xx_rcc.o(.revsh_text), (4 bytes).
    Removing stm32f0xx_rtc.o(.rev16_text), (4 bytes).
    Removing stm32f0xx_rtc.o(.revsh_text), (4 bytes).
    Removing stm32f0xx_rtc.o(.text), (2956 bytes).
    Removing stm32f0xx_spi.o(.rev16_text), (4 bytes).
    Removing stm32f0xx_spi.o(.revsh_text), (4 bytes).
    Removing stm32f0xx_spi.o(.text), (956 bytes).
    Removing stm32f0xx_syscfg.o(.rev16_text), (4 bytes).
    Removing stm32f0xx_syscfg.o(.revsh_text), (4 bytes).
    Removing stm32f0xx_tim.o(.rev16_text), (4 bytes).
    Removing stm32f0xx_tim.o(.revsh_text), (4 bytes).
    Removing stm32f0xx_tim.o(.text), (3020 bytes).
    Removing stm32f0xx_usart.o(.rev16_text), (4 bytes).
    Removing stm32f0xx_usart.o(.revsh_text), (4 bytes).
    Removing stm32f0xx_wwdg.o(.rev16_text), (4 bytes).
    Removing stm32f0xx_wwdg.o(.revsh_text), (4 bytes).
    Removing stm32f0xx_wwdg.o(.text), (148 bytes).
    Removing main.o(.rev16_text), (4 bytes).
    Removing main.o(.revsh_text), (4 bytes).
    Removing system_stm32f0xx_1.o(.rev16_text), (4 bytes).
    Removing system_stm32f0xx_1.o(.revsh_text), (4 bytes).
    Removing dma.o(.rev16_text), (4 bytes).
    Removing dma.o(.revsh_text), (4 bytes).
    Removing m500.o(.rev16_text), (4 bytes).
    Removing m500.o(.revsh_text), (4 bytes).
    Removing m500.o(.text), (96 bytes).
    Removing m500.o(.data), (24 bytes).
    Removing toolsfun.o(.rev16_text), (4 bytes).
    Removing toolsfun.o(.revsh_text), (4 bytes).
    Removing usart1.o(.rev16_text), (4 bytes).
    Removing usart1.o(.revsh_text), (4 bytes).
    Removing stm32f0xx_it.o(.rev16_text), (4 bytes).
    Removing stm32f0xx_it.o(.revsh_text), (4 bytes).

72 unused section(s) (total 12420 bytes) removed from the image.

==============================================================================

Image Symbol Table

    Local Symbols

    Symbol Name                              Value     Ov Type        Size  Object(Section)

    ../clib/angel/boardlib.s                 0x00000000   Number         0  boardshut.o ABSOLUTE
    ../clib/angel/boardlib.s                 0x00000000   Number         0  boardinit3.o ABSOLUTE
    ../clib/angel/boardlib.s                 0x00000000   Number         0  boardinit2.o ABSOLUTE
    ../clib/angel/boardlib.s                 0x00000000   Number         0  boardinit1.o ABSOLUTE
    ../clib/angel/handlers.s                 0x00000000   Number         0  __scatter_copy.o ABSOLUTE
    ../clib/angel/handlers.s                 0x00000000   Number         0  __scatter_zi.o ABSOLUTE
    ../clib/angel/kernel.s                   0x00000000   Number         0  rtexit.o ABSOLUTE
    ../clib/angel/kernel.s                   0x00000000   Number         0  rtexit2.o ABSOLUTE
    ../clib/angel/kernel.s                   0x00000000   Number         0  __rtentry2.o ABSOLUTE
    ../clib/angel/kernel.s                   0x00000000   Number         0  __rtentry.o ABSOLUTE
    ../clib/angel/kernel.s                   0x00000000   Number         0  __rtentry4.o ABSOLUTE
    ../clib/angel/rt.s                       0x00000000   Number         0  rt_raise.o ABSOLUTE
    ../clib/angel/rt.s                       0x00000000   Number         0  aeabi_idiv0.o ABSOLUTE
    ../clib/angel/rt.s                       0x00000000   Number         0  aeabi_idiv0_sigfpe.o ABSOLUTE
    ../clib/angel/rt.s                       0x00000000   Number         0  rt_div0.o ABSOLUTE
    ../clib/angel/scatterp.s                 0x00000000   Number         0  __scatter.o ABSOLUTE
    ../clib/angel/startup.s                  0x00000000   Number         0  __main.o ABSOLUTE
    ../clib/angel/sys.s                      0x00000000   Number         0  indicate_semi.o ABSOLUTE
    ../clib/angel/sys.s                      0x00000000   Number         0  use_no_semi.o ABSOLUTE
    ../clib/angel/sys.s                      0x00000000   Number         0  tempstk.o ABSOLUTE
    ../clib/angel/sys.s                      0x00000000   Number         0  libspace.o ABSOLUTE
    ../clib/angel/sys.s                      0x00000000   Number         0  sys_stackheap_outer.o ABSOLUTE
    ../clib/angel/sysapp.c                   0x00000000   Number         0  sys_exit.o ABSOLUTE
    ../clib/angel/sysapp.c                   0x00000000   Number         0  sys_wrch.o ABSOLUTE
    ../clib/angel/sysapp.c                   0x00000000   Number         0  sys_command.o ABSOLUTE
    ../clib/armsys.c                         0x00000000   Number         0  argv_veneer.o ABSOLUTE
    ../clib/armsys.c                         0x00000000   Number         0  _get_argv_nomalloc.o ABSOLUTE
    ../clib/armsys.c                         0x00000000   Number         0  no_argv.o ABSOLUTE
    ../clib/division.s                       0x00000000   Number         0  aeabi_sdiv_div0.o ABSOLUTE
    ../clib/division.s                       0x00000000   Number         0  aeabi_sdiv.o ABSOLUTE
    ../clib/heapalloc.c                      0x00000000   Number         0  hrguard.o ABSOLUTE
    ../clib/heapaux.c                        0x00000000   Number         0  heapauxi.o ABSOLUTE
    ../clib/libinit.s                        0x00000000   Number         0  libinit.o ABSOLUTE
    ../clib/libinit.s                        0x00000000   Number         0  libinit2.o ABSOLUTE
    ../clib/libinit.s                        0x00000000   Number         0  libshutdown.o ABSOLUTE
    ../clib/libinit.s                        0x00000000   Number         0  libshutdown2.o ABSOLUTE
    ../clib/signal.c                         0x00000000   Number         0  defsig_rtmem_formal.o ABSOLUTE
    ../clib/signal.c                         0x00000000   Number         0  defsig_general.o ABSOLUTE
    ../clib/signal.c                         0x00000000   Number         0  defsig_rtmem_inner.o ABSOLUTE
    ../clib/signal.c                         0x00000000   Number         0  __raise.o ABSOLUTE
    ../clib/signal.c                         0x00000000   Number         0  defsig_rtred_inner.o ABSOLUTE
    ../clib/signal.c                         0x00000000   Number         0  defsig_abrt_inner.o ABSOLUTE
    ../clib/signal.c                         0x00000000   Number         0  defsig_exit.o ABSOLUTE
    ../clib/signal.c                         0x00000000   Number         0  defsig_fpe_inner.o ABSOLUTE
    ../clib/signal.c                         0x00000000   Number         0  defsig_fpe_outer.o ABSOLUTE
    ../clib/signal.c                         0x00000000   Number         0  defsig_rtmem_outer.o ABSOLUTE
    ../clib/signal.c                         0x00000000   Number         0  defsig_fpe_formal.o ABSOLUTE
    ../clib/signal.c                         0x00000000   Number         0  defsig_other.o ABSOLUTE
    ../clib/signal.c                         0x00000000   Number         0  defsig_segv_inner.o ABSOLUTE
    ../clib/signal.c                         0x00000000   Number         0  defsig_cppl_inner.o ABSOLUTE
    ../clib/signal.c                         0x00000000   Number         0  defsig_pvfn_inner.o ABSOLUTE
    ../clib/signal.c                         0x00000000   Number         0  defsig_stak_inner.o ABSOLUTE
    ../clib/signal.s                         0x00000000   Number         0  defsig.o ABSOLUTE
    ../clib/stdlib.c                         0x00000000   Number         0  exit.o ABSOLUTE
    ../fplib/cfplib/fpinit.c                 0x00000000   Number         0  fpinit.o ABSOLUTE
    ..\..\Libraries\CMSIS\startup\startup_stm32f0xx.s 0x00000000   Number         0  startup_stm32f0xx.o ABSOLUTE
    ..\..\Libraries\src\stm32f0xx_adc.c      0x00000000   Number         0  stm32f0xx_adc.o ABSOLUTE
    ..\..\Libraries\src\stm32f0xx_cec.c      0x00000000   Number         0  stm32f0xx_cec.o ABSOLUTE
    ..\..\Libraries\src\stm32f0xx_comp.c     0x00000000   Number         0  stm32f0xx_comp.o ABSOLUTE
    ..\..\Libraries\src\stm32f0xx_crc.c      0x00000000   Number         0  stm32f0xx_crc.o ABSOLUTE
    ..\..\Libraries\src\stm32f0xx_dac.c      0x00000000   Number         0  stm32f0xx_dac.o ABSOLUTE
    ..\..\Libraries\src\stm32f0xx_dbgmcu.c   0x00000000   Number         0  stm32f0xx_dbgmcu.o ABSOLUTE
    ..\..\Libraries\src\stm32f0xx_dma.c      0x00000000   Number         0  stm32f0xx_dma.o ABSOLUTE
    ..\..\Libraries\src\stm32f0xx_exti.c     0x00000000   Number         0  stm32f0xx_exti.o ABSOLUTE
    ..\..\Libraries\src\stm32f0xx_flash.c    0x00000000   Number         0  stm32f0xx_flash.o ABSOLUTE
    ..\..\Libraries\src\stm32f0xx_gpio.c     0x00000000   Number         0  stm32f0xx_gpio.o ABSOLUTE
    ..\..\Libraries\src\stm32f0xx_i2c.c      0x00000000   Number         0  stm32f0xx_i2c.o ABSOLUTE
    ..\..\Libraries\src\stm32f0xx_iwdg.c     0x00000000   Number         0  stm32f0xx_iwdg.o ABSOLUTE
    ..\..\Libraries\src\stm32f0xx_misc.c     0x00000000   Number         0  stm32f0xx_misc.o ABSOLUTE
    ..\..\Libraries\src\stm32f0xx_pwr.c      0x00000000   Number         0  stm32f0xx_pwr.o ABSOLUTE
    ..\..\Libraries\src\stm32f0xx_rcc.c      0x00000000   Number         0  stm32f0xx_rcc.o ABSOLUTE
    ..\..\Libraries\src\stm32f0xx_rtc.c      0x00000000   Number         0  stm32f0xx_rtc.o ABSOLUTE
    ..\..\Libraries\src\stm32f0xx_spi.c      0x00000000   Number         0  stm32f0xx_spi.o ABSOLUTE
    ..\..\Libraries\src\stm32f0xx_syscfg.c   0x00000000   Number         0  stm32f0xx_syscfg.o ABSOLUTE
    ..\..\Libraries\src\stm32f0xx_tim.c      0x00000000   Number         0  stm32f0xx_tim.o ABSOLUTE
    ..\..\Libraries\src\stm32f0xx_usart.c    0x00000000   Number         0  stm32f0xx_usart.o ABSOLUTE
    ..\..\Libraries\src\stm32f0xx_wwdg.c     0x00000000   Number         0  stm32f0xx_wwdg.o ABSOLUTE
    ..\..\User\DMA\DMA.c                     0x00000000   Number         0  dma.o ABSOLUTE
    ..\..\User\M500\M500.c                   0x00000000   Number         0  m500.o ABSOLUTE
    ..\..\User\ToolsFun\ToolsFun.c           0x00000000   Number         0  toolsfun.o ABSOLUTE
    ..\..\User\USART\USART1.c                0x00000000   Number         0  usart1.o ABSOLUTE
    ..\..\User\main.c                        0x00000000   Number         0  main.o ABSOLUTE
    ..\..\User\stm32f0xx_it.c                0x00000000   Number         0  stm32f0xx_it.o ABSOLUTE
    ..\..\User\system_stm32f0xx.c            0x00000000   Number         0  system_stm32f0xx_1.o ABSOLUTE
    ..\\..\\Libraries\\src\\stm32f0xx_adc.c  0x00000000   Number         0  stm32f0xx_adc.o ABSOLUTE
    ..\\..\\Libraries\\src\\stm32f0xx_cec.c  0x00000000   Number         0  stm32f0xx_cec.o ABSOLUTE
    ..\\..\\Libraries\\src\\stm32f0xx_comp.c 0x00000000   Number         0  stm32f0xx_comp.o ABSOLUTE
    ..\\..\\Libraries\\src\\stm32f0xx_crc.c  0x00000000   Number         0  stm32f0xx_crc.o ABSOLUTE
    ..\\..\\Libraries\\src\\stm32f0xx_dac.c  0x00000000   Number         0  stm32f0xx_dac.o ABSOLUTE
    ..\\..\\Libraries\\src\\stm32f0xx_dbgmcu.c 0x00000000   Number         0  stm32f0xx_dbgmcu.o ABSOLUTE
    ..\\..\\Libraries\\src\\stm32f0xx_dma.c  0x00000000   Number         0  stm32f0xx_dma.o ABSOLUTE
    ..\\..\\Libraries\\src\\stm32f0xx_exti.c 0x00000000   Number         0  stm32f0xx_exti.o ABSOLUTE
    ..\\..\\Libraries\\src\\stm32f0xx_flash.c 0x00000000   Number         0  stm32f0xx_flash.o ABSOLUTE
    ..\\..\\Libraries\\src\\stm32f0xx_gpio.c 0x00000000   Number         0  stm32f0xx_gpio.o ABSOLUTE
    ..\\..\\Libraries\\src\\stm32f0xx_i2c.c  0x00000000   Number         0  stm32f0xx_i2c.o ABSOLUTE
    ..\\..\\Libraries\\src\\stm32f0xx_iwdg.c 0x00000000   Number         0  stm32f0xx_iwdg.o ABSOLUTE
    ..\\..\\Libraries\\src\\stm32f0xx_misc.c 0x00000000   Number         0  stm32f0xx_misc.o ABSOLUTE
    ..\\..\\Libraries\\src\\stm32f0xx_pwr.c  0x00000000   Number         0  stm32f0xx_pwr.o ABSOLUTE
    ..\\..\\Libraries\\src\\stm32f0xx_rcc.c  0x00000000   Number         0  stm32f0xx_rcc.o ABSOLUTE
    ..\\..\\Libraries\\src\\stm32f0xx_rtc.c  0x00000000   Number         0  stm32f0xx_rtc.o ABSOLUTE
    ..\\..\\Libraries\\src\\stm32f0xx_spi.c  0x00000000   Number         0  stm32f0xx_spi.o ABSOLUTE
    ..\\..\\Libraries\\src\\stm32f0xx_syscfg.c 0x00000000   Number         0  stm32f0xx_syscfg.o ABSOLUTE
    ..\\..\\Libraries\\src\\stm32f0xx_tim.c  0x00000000   Number         0  stm32f0xx_tim.o ABSOLUTE
    ..\\..\\Libraries\\src\\stm32f0xx_usart.c 0x00000000   Number         0  stm32f0xx_usart.o ABSOLUTE
    ..\\..\\Libraries\\src\\stm32f0xx_wwdg.c 0x00000000   Number         0  stm32f0xx_wwdg.o ABSOLUTE
    ..\\..\\User\\DMA\\DMA.c                 0x00000000   Number         0  dma.o ABSOLUTE
    ..\\..\\User\\M500\\M500.c               0x00000000   Number         0  m500.o ABSOLUTE
    ..\\..\\User\\ToolsFun\\ToolsFun.c       0x00000000   Number         0  toolsfun.o ABSOLUTE
    ..\\..\\User\\USART\\USART1.c            0x00000000   Number         0  usart1.o ABSOLUTE
    ..\\..\\User\\main.c                     0x00000000   Number         0  main.o ABSOLUTE
    ..\\..\\User\\stm32f0xx_it.c             0x00000000   Number         0  stm32f0xx_it.o ABSOLUTE
    ..\\..\\User\\system_stm32f0xx.c         0x00000000   Number         0  system_stm32f0xx_1.o ABSOLUTE
    dc.s                                     0x00000000   Number         0  dc.o ABSOLUTE
    RESET                                    0x08000000   Section      192  startup_stm32f0xx.o(RESET)
    !!!main                                  0x080000c0   Section        8  __main.o(!!!main)
    !!!scatter                               0x080000c8   Section       60  __scatter.o(!!!scatter)
    !!handler_copy                           0x08000104   Section       26  __scatter_copy.o(!!handler_copy)
    !!handler_zi                             0x08000120   Section       28  __scatter_zi.o(!!handler_zi)
    .ARM.Collect$$libinit$$00000000          0x0800013c   Section        2  libinit.o(.ARM.Collect$$libinit$$00000000)
    .ARM.Collect$$libinit$$00000002          0x0800013e   Section        0  libinit2.o(.ARM.Collect$$libinit$$00000002)
    .ARM.Collect$$libinit$$00000004          0x0800013e   Section        0  libinit2.o(.ARM.Collect$$libinit$$00000004)
    .ARM.Collect$$libinit$$0000000A          0x0800013e   Section        0  libinit2.o(.ARM.Collect$$libinit$$0000000A)
    .ARM.Collect$$libinit$$0000000C          0x0800013e   Section        0  libinit2.o(.ARM.Collect$$libinit$$0000000C)
    .ARM.Collect$$libinit$$0000000E          0x0800013e   Section        0  libinit2.o(.ARM.Collect$$libinit$$0000000E)
    .ARM.Collect$$libinit$$00000011          0x0800013e   Section        0  libinit2.o(.ARM.Collect$$libinit$$00000011)
    .ARM.Collect$$libinit$$00000013          0x0800013e   Section        0  libinit2.o(.ARM.Collect$$libinit$$00000013)
    .ARM.Collect$$libinit$$00000015          0x0800013e   Section        0  libinit2.o(.ARM.Collect$$libinit$$00000015)
    .ARM.Collect$$libinit$$00000017          0x0800013e   Section        0  libinit2.o(.ARM.Collect$$libinit$$00000017)
    .ARM.Collect$$libinit$$00000019          0x0800013e   Section        0  libinit2.o(.ARM.Collect$$libinit$$00000019)
    .ARM.Collect$$libinit$$0000001B          0x0800013e   Section        0  libinit2.o(.ARM.Collect$$libinit$$0000001B)
    .ARM.Collect$$libinit$$0000001D          0x0800013e   Section        0  libinit2.o(.ARM.Collect$$libinit$$0000001D)
    .ARM.Collect$$libinit$$0000001F          0x0800013e   Section        0  libinit2.o(.ARM.Collect$$libinit$$0000001F)
    .ARM.Collect$$libinit$$00000021          0x0800013e   Section        0  libinit2.o(.ARM.Collect$$libinit$$00000021)
    .ARM.Collect$$libinit$$00000023          0x0800013e   Section        0  libinit2.o(.ARM.Collect$$libinit$$00000023)
    .ARM.Collect$$libinit$$00000025          0x0800013e   Section        0  libinit2.o(.ARM.Collect$$libinit$$00000025)
    .ARM.Collect$$libinit$$0000002C          0x0800013e   Section        0  libinit2.o(.ARM.Collect$$libinit$$0000002C)
    .ARM.Collect$$libinit$$0000002E          0x0800013e   Section        0  libinit2.o(.ARM.Collect$$libinit$$0000002E)
    .ARM.Collect$$libinit$$00000030          0x0800013e   Section        0  libinit2.o(.ARM.Collect$$libinit$$00000030)
    .ARM.Collect$$libinit$$00000032          0x0800013e   Section        0  libinit2.o(.ARM.Collect$$libinit$$00000032)
    .ARM.Collect$$libinit$$00000033          0x0800013e   Section        2  libinit2.o(.ARM.Collect$$libinit$$00000033)
    .ARM.Collect$$libshutdown$$00000000      0x08000140   Section        2  libshutdown.o(.ARM.Collect$$libshutdown$$00000000)
    .ARM.Collect$$libshutdown$$00000002      0x08000142   Section        0  libshutdown2.o(.ARM.Collect$$libshutdown$$00000002)
    .ARM.Collect$$libshutdown$$00000004      0x08000142   Section        0  libshutdown2.o(.ARM.Collect$$libshutdown$$00000004)
    .ARM.Collect$$libshutdown$$00000007      0x08000142   Section        0  libshutdown2.o(.ARM.Collect$$libshutdown$$00000007)
    .ARM.Collect$$libshutdown$$0000000A      0x08000142   Section        0  libshutdown2.o(.ARM.Collect$$libshutdown$$0000000A)
    .ARM.Collect$$libshutdown$$0000000C      0x08000142   Section        0  libshutdown2.o(.ARM.Collect$$libshutdown$$0000000C)
    .ARM.Collect$$libshutdown$$0000000F      0x08000142   Section        0  libshutdown2.o(.ARM.Collect$$libshutdown$$0000000F)
    .ARM.Collect$$libshutdown$$00000010      0x08000142   Section        2  libshutdown2.o(.ARM.Collect$$libshutdown$$00000010)
    .ARM.Collect$$rtentry$$00000000          0x08000144   Section        0  __rtentry.o(.ARM.Collect$$rtentry$$00000000)
    .ARM.Collect$$rtentry$$00000002          0x08000144   Section        0  __rtentry2.o(.ARM.Collect$$rtentry$$00000002)
    .ARM.Collect$$rtentry$$00000004          0x08000144   Section        6  __rtentry4.o(.ARM.Collect$$rtentry$$00000004)
    .ARM.Collect$$rtentry$$00000009          0x0800014a   Section        0  __rtentry2.o(.ARM.Collect$$rtentry$$00000009)
    .ARM.Collect$$rtentry$$0000000A          0x0800014a   Section        4  __rtentry2.o(.ARM.Collect$$rtentry$$0000000A)
    .ARM.Collect$$rtentry$$0000000C          0x0800014e   Section        0  __rtentry2.o(.ARM.Collect$$rtentry$$0000000C)
    .ARM.Collect$$rtentry$$0000000D          0x0800014e   Section        8  __rtentry2.o(.ARM.Collect$$rtentry$$0000000D)
    .ARM.Collect$$rtexit$$00000000           0x08000156   Section        2  rtexit.o(.ARM.Collect$$rtexit$$00000000)
    .ARM.Collect$$rtexit$$00000002           0x08000158   Section        0  rtexit2.o(.ARM.Collect$$rtexit$$00000002)
    .ARM.Collect$$rtexit$$00000003           0x08000158   Section        4  rtexit2.o(.ARM.Collect$$rtexit$$00000003)
    .ARM.Collect$$rtexit$$00000004           0x0800015c   Section        6  rtexit2.o(.ARM.Collect$$rtexit$$00000004)
    .text                                    0x08000164   Section       56  startup_stm32f0xx.o(.text)
    .text                                    0x0800019c   Section        0  stm32f0xx_dma.o(.text)
    .text                                    0x0800030c   Section        0  stm32f0xx_exti.o(.text)
    .text                                    0x08000414   Section        0  stm32f0xx_gpio.o(.text)
    .text                                    0x08000604   Section        0  stm32f0xx_misc.o(.text)
    .text                                    0x080006b8   Section        0  stm32f0xx_rcc.o(.text)
    .text                                    0x08000cb0   Section        0  stm32f0xx_syscfg.o(.text)
    .text                                    0x08000da0   Section        0  stm32f0xx_usart.o(.text)
    .text                                    0x08001314   Section        0  main.o(.text)
    .text                                    0x08001488   Section        0  system_stm32f0xx_1.o(.text)
    SetSysClock                              0x08001489   Thumb Code   126  system_stm32f0xx_1.o(.text)
    .text                                    0x08001630   Section        0  dma.o(.text)
    .text                                    0x08001770   Section        0  toolsfun.o(.text)
    NVIC_SetPriority                         0x08001c97   Thumb Code   110  toolsfun.o(.text)
    .text                                    0x08001d2c   Section        0  usart1.o(.text)
    .text                                    0x08001e84   Section        0  stm32f0xx_it.o(.text)
    .text                                    0x08001ff8   Section      346  aeabi_sdiv.o(.text)
    .text                                    0x08002152   Section        0  heapauxi.o(.text)
    .text                                    0x08002158   Section       62  sys_stackheap_outer.o(.text)
    .text                                    0x08002196   Section        0  exit.o(.text)
    .text                                    0x080021a8   Section        8  libspace.o(.text)
    .text                                    0x080021b0   Section        0  sys_exit.o(.text)
    .text                                    0x080021bc   Section        2  use_no_semi.o(.text)
    .constdata                               0x080021be   Section       32  toolsfun.o(.constdata)
    .text                                    0x080021be   Section        0  indicate_semi.o(.text)
    .data                                    0x20000000   Section       16  stm32f0xx_rcc.o(.data)
    APBAHBPrescTable                         0x20000000   Data          16  stm32f0xx_rcc.o(.data)
    .data                                    0x20000010   Section       20  system_stm32f0xx_1.o(.data)
    .data                                    0x20000024   Section        1  dma.o(.data)
    .data                                    0x20000028   Section      117  toolsfun.o(.data)
    .data                                    0x2000009e   Section        2  usart1.o(.data)
    .bss                                     0x200000a0   Section      600  dma.o(.bss)
    .bss                                     0x200002f8   Section       48  toolsfun.o(.bss)
    .bss                                     0x20000328   Section       96  libspace.o(.bss)
    HEAP                                     0x20000388   Section      512  startup_stm32f0xx.o(HEAP)
    Heap_Mem                                 0x20000388   Data         512  startup_stm32f0xx.o(HEAP)
    STACK                                    0x20000588   Section     1024  startup_stm32f0xx.o(STACK)
    Stack_Mem                                0x20000588   Data        1024  startup_stm32f0xx.o(STACK)
    __initial_sp                             0x20000988   Data           0  startup_stm32f0xx.o(STACK)

    Global Symbols

    Symbol Name                              Value     Ov Type        Size  Object(Section)

    BuildAttributes$$THM_ISAv3M$S$PE$A:L22$X:L11$S22$IEEE1$IW$USESV6$~STKCKD$USESV7$~SHL$OSPACE$ROPI$EBA8$UX$STANDARDLIB$REQ8$PRES8$EABIv2 0x00000000   Number         0  anon$$obj.o ABSOLUTE
    __ARM_use_no_argv                        0x00000000   Number         0  main.o ABSOLUTE
    __ARM_exceptions_init                     - Undefined Weak Reference
    __alloca_initialize                       - Undefined Weak Reference
    __arm_preinit_                            - Undefined Weak Reference
    __cpp_initialize__aeabi_                  - Undefined Weak Reference
    __cxa_finalize                            - Undefined Weak Reference
    __rt_locale                               - Undefined Weak Reference
    __sigvec_lookup                           - Undefined Weak Reference
    _atexit_init                              - Undefined Weak Reference
    _call_atexit_fns                          - Undefined Weak Reference
    _clock_init                               - Undefined Weak Reference
    _fp_trap_init                             - Undefined Weak Reference
    _fp_trap_shutdown                         - Undefined Weak Reference
    _get_lc_collate                           - Undefined Weak Reference
    _get_lc_ctype                             - Undefined Weak Reference
    _get_lc_monetary                          - Undefined Weak Reference
    _get_lc_numeric                           - Undefined Weak Reference
    _get_lc_time                              - Undefined Weak Reference
    _getenv_init                              - Undefined Weak Reference
    _handle_redirection                       - Undefined Weak Reference
    _init_alloc                               - Undefined Weak Reference
    _init_user_alloc                          - Undefined Weak Reference
    _initio                                   - Undefined Weak Reference
    _rand_init                                - Undefined Weak Reference
    _signal_finish                            - Undefined Weak Reference
    _signal_init                              - Undefined Weak Reference
    _terminate_alloc                          - Undefined Weak Reference
    _terminate_user_alloc                     - Undefined Weak Reference
    _terminateio                              - Undefined Weak Reference
    __Vectors_Size                           0x000000c0   Number         0  startup_stm32f0xx.o ABSOLUTE
    __Vectors                                0x08000000   Data           4  startup_stm32f0xx.o(RESET)
    __Vectors_End                            0x080000c0   Data           0  startup_stm32f0xx.o(RESET)
    __main                                   0x080000c1   Thumb Code     8  __main.o(!!!main)
    __scatterload                            0x080000c9   Thumb Code     0  __scatter.o(!!!scatter)
    __scatterload_rt2                        0x080000c9   Thumb Code    52  __scatter.o(!!!scatter)
    __scatterload_rt2_thumb_only             0x080000c9   Thumb Code     0  __scatter.o(!!!scatter)
    __scatterload_null                       0x080000d9   Thumb Code     0  __scatter.o(!!!scatter)
    __scatterload_copy                       0x08000105   Thumb Code    26  __scatter_copy.o(!!handler_copy)
    __scatterload_zeroinit                   0x08000121   Thumb Code    28  __scatter_zi.o(!!handler_zi)
    __rt_lib_init                            0x0800013d   Thumb Code     0  libinit.o(.ARM.Collect$$libinit$$00000000)
    __rt_lib_init_alloca_1                   0x0800013f   Thumb Code     0  libinit2.o(.ARM.Collect$$libinit$$0000002E)
    __rt_lib_init_argv_1                     0x0800013f   Thumb Code     0  libinit2.o(.ARM.Collect$$libinit$$0000002C)
    __rt_lib_init_atexit_1                   0x0800013f   Thumb Code     0  libinit2.o(.ARM.Collect$$libinit$$0000001B)
    __rt_lib_init_clock_1                    0x0800013f   Thumb Code     0  libinit2.o(.ARM.Collect$$libinit$$00000021)
    __rt_lib_init_cpp_1                      0x0800013f   Thumb Code     0  libinit2.o(.ARM.Collect$$libinit$$00000032)
    __rt_lib_init_exceptions_1               0x0800013f   Thumb Code     0  libinit2.o(.ARM.Collect$$libinit$$00000030)
    __rt_lib_init_fp_1                       0x0800013f   Thumb Code     0  libinit2.o(.ARM.Collect$$libinit$$00000002)
    __rt_lib_init_fp_trap_1                  0x0800013f   Thumb Code     0  libinit2.o(.ARM.Collect$$libinit$$0000001F)
    __rt_lib_init_getenv_1                   0x0800013f   Thumb Code     0  libinit2.o(.ARM.Collect$$libinit$$00000023)
    __rt_lib_init_heap_1                     0x0800013f   Thumb Code     0  libinit2.o(.ARM.Collect$$libinit$$0000000A)
    __rt_lib_init_lc_collate_1               0x0800013f   Thumb Code     0  libinit2.o(.ARM.Collect$$libinit$$00000011)
    __rt_lib_init_lc_ctype_1                 0x0800013f   Thumb Code     0  libinit2.o(.ARM.Collect$$libinit$$00000013)
    __rt_lib_init_lc_monetary_1              0x0800013f   Thumb Code     0  libinit2.o(.ARM.Collect$$libinit$$00000015)
    __rt_lib_init_lc_numeric_1               0x0800013f   Thumb Code     0  libinit2.o(.ARM.Collect$$libinit$$00000017)
    __rt_lib_init_lc_time_1                  0x0800013f   Thumb Code     0  libinit2.o(.ARM.Collect$$libinit$$00000019)
    __rt_lib_init_preinit_1                  0x0800013f   Thumb Code     0  libinit2.o(.ARM.Collect$$libinit$$00000004)
    __rt_lib_init_rand_1                     0x0800013f   Thumb Code     0  libinit2.o(.ARM.Collect$$libinit$$0000000E)
    __rt_lib_init_return                     0x0800013f   Thumb Code     0  libinit2.o(.ARM.Collect$$libinit$$00000033)
    __rt_lib_init_signal_1                   0x0800013f   Thumb Code     0  libinit2.o(.ARM.Collect$$libinit$$0000001D)
    __rt_lib_init_stdio_1                    0x0800013f   Thumb Code     0  libinit2.o(.ARM.Collect$$libinit$$00000025)
    __rt_lib_init_user_alloc_1               0x0800013f   Thumb Code     0  libinit2.o(.ARM.Collect$$libinit$$0000000C)
    __rt_lib_shutdown                        0x08000141   Thumb Code     0  libshutdown.o(.ARM.Collect$$libshutdown$$00000000)
    __rt_lib_shutdown_cpp_1                  0x08000143   Thumb Code     0  libshutdown2.o(.ARM.Collect$$libshutdown$$00000002)
    __rt_lib_shutdown_fp_trap_1              0x08000143   Thumb Code     0  libshutdown2.o(.ARM.Collect$$libshutdown$$00000007)
    __rt_lib_shutdown_heap_1                 0x08000143   Thumb Code     0  libshutdown2.o(.ARM.Collect$$libshutdown$$0000000F)
    __rt_lib_shutdown_return                 0x08000143   Thumb Code     0  libshutdown2.o(.ARM.Collect$$libshutdown$$00000010)
    __rt_lib_shutdown_signal_1               0x08000143   Thumb Code     0  libshutdown2.o(.ARM.Collect$$libshutdown$$0000000A)
    __rt_lib_shutdown_stdio_1                0x08000143   Thumb Code     0  libshutdown2.o(.ARM.Collect$$libshutdown$$00000004)
    __rt_lib_shutdown_user_alloc_1           0x08000143   Thumb Code     0  libshutdown2.o(.ARM.Collect$$libshutdown$$0000000C)
    __rt_entry                               0x08000145   Thumb Code     0  __rtentry.o(.ARM.Collect$$rtentry$$00000000)
    __rt_entry_presh_1                       0x08000145   Thumb Code     0  __rtentry2.o(.ARM.Collect$$rtentry$$00000002)
    __rt_entry_sh                            0x08000145   Thumb Code     0  __rtentry4.o(.ARM.Collect$$rtentry$$00000004)
    __rt_entry_li                            0x0800014b   Thumb Code     0  __rtentry2.o(.ARM.Collect$$rtentry$$0000000A)
    __rt_entry_postsh_1                      0x0800014b   Thumb Code     0  __rtentry2.o(.ARM.Collect$$rtentry$$00000009)
    __rt_entry_main                          0x0800014f   Thumb Code     0  __rtentry2.o(.ARM.Collect$$rtentry$$0000000D)
    __rt_entry_postli_1                      0x0800014f   Thumb Code     0  __rtentry2.o(.ARM.Collect$$rtentry$$0000000C)
    __rt_exit                                0x08000157   Thumb Code     0  rtexit.o(.ARM.Collect$$rtexit$$00000000)
    __rt_exit_ls                             0x08000159   Thumb Code     0  rtexit2.o(.ARM.Collect$$rtexit$$00000003)
    __rt_exit_prels_1                        0x08000159   Thumb Code     0  rtexit2.o(.ARM.Collect$$rtexit$$00000002)
    __rt_exit_exit                           0x0800015d   Thumb Code     0  rtexit2.o(.ARM.Collect$$rtexit$$00000004)
    Reset_Handler                            0x08000165   Thumb Code     8  startup_stm32f0xx.o(.text)
    ADC1_COMP_IRQHandler                     0x08000177   Thumb Code     0  startup_stm32f0xx.o(.text)
    CEC_IRQHandler                           0x08000177   Thumb Code     0  startup_stm32f0xx.o(.text)
    DMA1_Channel1_IRQHandler                 0x08000177   Thumb Code     0  startup_stm32f0xx.o(.text)
    DMA1_Channel4_5_IRQHandler               0x08000177   Thumb Code     0  startup_stm32f0xx.o(.text)
    EXTI0_1_IRQHandler                       0x08000177   Thumb Code     0  startup_stm32f0xx.o(.text)
    EXTI2_3_IRQHandler                       0x08000177   Thumb Code     0  startup_stm32f0xx.o(.text)
    FLASH_IRQHandler                         0x08000177   Thumb Code     0  startup_stm32f0xx.o(.text)
    I2C1_IRQHandler                          0x08000177   Thumb Code     0  startup_stm32f0xx.o(.text)
    I2C2_IRQHandler                          0x08000177   Thumb Code     0  startup_stm32f0xx.o(.text)
    PVD_IRQHandler                           0x08000177   Thumb Code     0  startup_stm32f0xx.o(.text)
    RCC_IRQHandler                           0x08000177   Thumb Code     0  startup_stm32f0xx.o(.text)
    RTC_IRQHandler                           0x08000177   Thumb Code     0  startup_stm32f0xx.o(.text)
    SPI1_IRQHandler                          0x08000177   Thumb Code     0  startup_stm32f0xx.o(.text)
    SPI2_IRQHandler                          0x08000177   Thumb Code     0  startup_stm32f0xx.o(.text)
    TIM14_IRQHandler                         0x08000177   Thumb Code     0  startup_stm32f0xx.o(.text)
    TIM15_IRQHandler                         0x08000177   Thumb Code     0  startup_stm32f0xx.o(.text)
    TIM16_IRQHandler                         0x08000177   Thumb Code     0  startup_stm32f0xx.o(.text)
    TIM17_IRQHandler                         0x08000177   Thumb Code     0  startup_stm32f0xx.o(.text)
    TIM1_BRK_UP_TRG_COM_IRQHandler           0x08000177   Thumb Code     0  startup_stm32f0xx.o(.text)
    TIM1_CC_IRQHandler                       0x08000177   Thumb Code     0  startup_stm32f0xx.o(.text)
    TIM2_IRQHandler                          0x08000177   Thumb Code     0  startup_stm32f0xx.o(.text)
    TIM3_IRQHandler                          0x08000177   Thumb Code     0  startup_stm32f0xx.o(.text)
    TIM6_DAC_IRQHandler                      0x08000177   Thumb Code     0  startup_stm32f0xx.o(.text)
    TS_IRQHandler                            0x08000177   Thumb Code     0  startup_stm32f0xx.o(.text)
    USART2_IRQHandler                        0x08000177   Thumb Code     0  startup_stm32f0xx.o(.text)
    WWDG_IRQHandler                          0x08000177   Thumb Code     0  startup_stm32f0xx.o(.text)
    __user_initial_stackheap                 0x08000179   Thumb Code     0  startup_stm32f0xx.o(.text)
    DMA_DeInit                               0x0800019d   Thumb Code   152  stm32f0xx_dma.o(.text)
    DMA_Init                                 0x08000235   Thumb Code    58  stm32f0xx_dma.o(.text)
    DMA_StructInit                           0x0800026f   Thumb Code    26  stm32f0xx_dma.o(.text)
    DMA_Cmd                                  0x08000289   Thumb Code    24  stm32f0xx_dma.o(.text)
    DMA_SetCurrDataCounter                   0x080002a1   Thumb Code     4  stm32f0xx_dma.o(.text)
    DMA_GetCurrDataCounter                   0x080002a5   Thumb Code     8  stm32f0xx_dma.o(.text)
    DMA_ITConfig                             0x080002ad   Thumb Code    20  stm32f0xx_dma.o(.text)
    DMA_GetFlagStatus                        0x080002c1   Thumb Code    24  stm32f0xx_dma.o(.text)
    DMA_ClearFlag                            0x080002d9   Thumb Code     8  stm32f0xx_dma.o(.text)
    DMA_GetITStatus                          0x080002e1   Thumb Code    24  stm32f0xx_dma.o(.text)
    DMA_ClearITPendingBit                    0x080002f9   Thumb Code     8  stm32f0xx_dma.o(.text)
    EXTI_DeInit                              0x0800030d   Thumb Code    20  stm32f0xx_exti.o(.text)
    EXTI_Init                                0x08000321   Thumb Code   132  stm32f0xx_exti.o(.text)
    EXTI_StructInit                          0x080003a5   Thumb Code    16  stm32f0xx_exti.o(.text)
    EXTI_GenerateSWInterrupt                 0x080003b5   Thumb Code    12  stm32f0xx_exti.o(.text)
    EXTI_GetFlagStatus                       0x080003c1   Thumb Code    22  stm32f0xx_exti.o(.text)
    EXTI_ClearFlag                           0x080003d7   Thumb Code     6  stm32f0xx_exti.o(.text)
    EXTI_GetITStatus                         0x080003dd   Thumb Code    36  stm32f0xx_exti.o(.text)
    EXTI_ClearITPendingBit                   0x08000401   Thumb Code     6  stm32f0xx_exti.o(.text)
    GPIO_DeInit                              0x08000415   Thumb Code   132  stm32f0xx_gpio.o(.text)
    GPIO_Init                                0x08000499   Thumb Code   144  stm32f0xx_gpio.o(.text)
    GPIO_StructInit                          0x08000529   Thumb Code    20  stm32f0xx_gpio.o(.text)
    GPIO_PinLockConfig                       0x0800053d   Thumb Code    34  stm32f0xx_gpio.o(.text)
    GPIO_ReadInputDataBit                    0x0800055f   Thumb Code    20  stm32f0xx_gpio.o(.text)
    GPIO_ReadInputData                       0x08000573   Thumb Code     6  stm32f0xx_gpio.o(.text)
    GPIO_ReadOutputDataBit                   0x08000579   Thumb Code    20  stm32f0xx_gpio.o(.text)
    GPIO_ReadOutputData                      0x0800058d   Thumb Code     6  stm32f0xx_gpio.o(.text)
    GPIO_SetBits                             0x08000593   Thumb Code     4  stm32f0xx_gpio.o(.text)
    GPIO_ResetBits                           0x08000597   Thumb Code     4  stm32f0xx_gpio.o(.text)
    GPIO_WriteBit                            0x0800059b   Thumb Code    12  stm32f0xx_gpio.o(.text)
    GPIO_Write                               0x080005a7   Thumb Code     4  stm32f0xx_gpio.o(.text)
    GPIO_PinAFConfig                         0x080005ab   Thumb Code    68  stm32f0xx_gpio.o(.text)
    NVIC_Init                                0x08000605   Thumb Code   106  stm32f0xx_misc.o(.text)
    NVIC_SystemLPConfig                      0x0800066f   Thumb Code    28  stm32f0xx_misc.o(.text)
    SysTick_CLKSourceConfig                  0x0800068b   Thumb Code    32  stm32f0xx_misc.o(.text)
    RCC_DeInit                               0x080006b9   Thumb Code   104  stm32f0xx_rcc.o(.text)
    RCC_HSEConfig                            0x08000721   Thumb Code    12  stm32f0xx_rcc.o(.text)
    RCC_GetFlagStatus                        0x0800072d   Thumb Code    68  stm32f0xx_rcc.o(.text)
    RCC_WaitForHSEStartUp                    0x08000771   Thumb Code    60  stm32f0xx_rcc.o(.text)
    RCC_AdjustHSICalibrationValue            0x080007ad   Thumb Code    26  stm32f0xx_rcc.o(.text)
    RCC_HSICmd                               0x080007c7   Thumb Code    32  stm32f0xx_rcc.o(.text)
    RCC_AdjustHSI14CalibrationValue          0x080007e7   Thumb Code    26  stm32f0xx_rcc.o(.text)
    RCC_HSI14Cmd                             0x08000801   Thumb Code    32  stm32f0xx_rcc.o(.text)
    RCC_HSI14ADCRequestCmd                   0x08000821   Thumb Code    32  stm32f0xx_rcc.o(.text)
    RCC_LSEConfig                            0x08000841   Thumb Code    34  stm32f0xx_rcc.o(.text)
    RCC_LSEDriveConfig                       0x08000863   Thumb Code    22  stm32f0xx_rcc.o(.text)
    RCC_LSICmd                               0x08000879   Thumb Code    32  stm32f0xx_rcc.o(.text)
    RCC_PLLConfig                            0x08000899   Thumb Code    30  stm32f0xx_rcc.o(.text)
    RCC_PLLCmd                               0x080008b7   Thumb Code    36  stm32f0xx_rcc.o(.text)
    RCC_PREDIV1Config                        0x080008db   Thumb Code    24  stm32f0xx_rcc.o(.text)
    RCC_ClockSecuritySystemCmd               0x080008f3   Thumb Code    36  stm32f0xx_rcc.o(.text)
    RCC_MCOConfig                            0x08000917   Thumb Code     6  stm32f0xx_rcc.o(.text)
    RCC_SYSCLKConfig                         0x0800091d   Thumb Code    24  stm32f0xx_rcc.o(.text)
    RCC_GetSYSCLKSource                      0x08000935   Thumb Code    10  stm32f0xx_rcc.o(.text)
    RCC_HCLKConfig                           0x0800093f   Thumb Code    28  stm32f0xx_rcc.o(.text)
    RCC_PCLKConfig                           0x0800095b   Thumb Code    30  stm32f0xx_rcc.o(.text)
    RCC_ADCCLKConfig                         0x08000979   Thumb Code    52  stm32f0xx_rcc.o(.text)
    RCC_CECCLKConfig                         0x080009ad   Thumb Code    22  stm32f0xx_rcc.o(.text)
    RCC_I2CCLKConfig                         0x080009c3   Thumb Code    22  stm32f0xx_rcc.o(.text)
    RCC_USARTCLKConfig                       0x080009d9   Thumb Code    22  stm32f0xx_rcc.o(.text)
    RCC_GetClocksFreq                        0x080009ef   Thumb Code   368  stm32f0xx_rcc.o(.text)
    RCC_RTCCLKConfig                         0x08000b5f   Thumb Code    12  stm32f0xx_rcc.o(.text)
    RCC_RTCCLKCmd                            0x08000b6b   Thumb Code    36  stm32f0xx_rcc.o(.text)
    RCC_BackupResetCmd                       0x08000b8f   Thumb Code    36  stm32f0xx_rcc.o(.text)
    RCC_AHBPeriphClockCmd                    0x08000bb3   Thumb Code    28  stm32f0xx_rcc.o(.text)
    RCC_APB2PeriphClockCmd                   0x08000bcf   Thumb Code    28  stm32f0xx_rcc.o(.text)
    RCC_APB1PeriphClockCmd                   0x08000beb   Thumb Code    28  stm32f0xx_rcc.o(.text)
    RCC_AHBPeriphResetCmd                    0x08000c07   Thumb Code    28  stm32f0xx_rcc.o(.text)
    RCC_APB2PeriphResetCmd                   0x08000c23   Thumb Code    28  stm32f0xx_rcc.o(.text)
    RCC_APB1PeriphResetCmd                   0x08000c3f   Thumb Code    28  stm32f0xx_rcc.o(.text)
    RCC_ITConfig                             0x08000c5b   Thumb Code    28  stm32f0xx_rcc.o(.text)
    RCC_ClearFlag                            0x08000c77   Thumb Code    16  stm32f0xx_rcc.o(.text)
    RCC_GetITStatus                          0x08000c87   Thumb Code    22  stm32f0xx_rcc.o(.text)
    RCC_ClearITPendingBit                    0x08000c9d   Thumb Code     6  stm32f0xx_rcc.o(.text)
    SYSCFG_DeInit                            0x08000cb1   Thumb Code    40  stm32f0xx_syscfg.o(.text)
    SYSCFG_MemoryRemapConfig                 0x08000cd9   Thumb Code    24  stm32f0xx_syscfg.o(.text)
    SYSCFG_DMAChannelRemapConfig             0x08000cf1   Thumb Code    28  stm32f0xx_syscfg.o(.text)
    SYSCFG_I2CFastModePlusConfig             0x08000d0d   Thumb Code    28  stm32f0xx_syscfg.o(.text)
    SYSCFG_EXTILineConfig                    0x08000d29   Thumb Code    66  stm32f0xx_syscfg.o(.text)
    SYSCFG_BreakConfig                       0x08000d6b   Thumb Code    12  stm32f0xx_syscfg.o(.text)
    SYSCFG_GetFlagStatus                     0x08000d77   Thumb Code    26  stm32f0xx_syscfg.o(.text)
    SYSCFG_ClearFlag                         0x08000d91   Thumb Code    12  stm32f0xx_syscfg.o(.text)
    USART_DeInit                             0x08000da1   Thumb Code    56  stm32f0xx_usart.o(.text)
    USART_Init                               0x08000dd9   Thumb Code   234  stm32f0xx_usart.o(.text)
    USART_StructInit                         0x08000ec3   Thumb Code    24  stm32f0xx_usart.o(.text)
    USART_ClockInit                          0x08000edb   Thumb Code    36  stm32f0xx_usart.o(.text)
    USART_ClockStructInit                    0x08000eff   Thumb Code    12  stm32f0xx_usart.o(.text)
    USART_Cmd                                0x08000f0b   Thumb Code    24  stm32f0xx_usart.o(.text)
    USART_DirectionModeCmd                   0x08000f23   Thumb Code    20  stm32f0xx_usart.o(.text)
    USART_OverSampling8Cmd                   0x08000f37   Thumb Code    28  stm32f0xx_usart.o(.text)
    USART_OneBitMethodCmd                    0x08000f53   Thumb Code    28  stm32f0xx_usart.o(.text)
    USART_MSBFirstCmd                        0x08000f6f   Thumb Code    28  stm32f0xx_usart.o(.text)
    USART_DataInvCmd                         0x08000f8b   Thumb Code    28  stm32f0xx_usart.o(.text)
    USART_InvPinCmd                          0x08000fa7   Thumb Code    20  stm32f0xx_usart.o(.text)
    USART_SWAPPinCmd                         0x08000fbb   Thumb Code    28  stm32f0xx_usart.o(.text)
    USART_ReceiverTimeOutCmd                 0x08000fd7   Thumb Code    28  stm32f0xx_usart.o(.text)
    USART_SetReceiverTimeOut                 0x08000ff3   Thumb Code    16  stm32f0xx_usart.o(.text)
    USART_SetPrescaler                       0x08001003   Thumb Code    18  stm32f0xx_usart.o(.text)
    USART_STOPModeCmd                        0x08001015   Thumb Code    24  stm32f0xx_usart.o(.text)
    USART_StopModeWakeUpSourceConfig         0x0800102d   Thumb Code    18  stm32f0xx_usart.o(.text)
    USART_AutoBaudRateCmd                    0x0800103f   Thumb Code    28  stm32f0xx_usart.o(.text)
    USART_AutoBaudRateConfig                 0x0800105b   Thumb Code    18  stm32f0xx_usart.o(.text)
    USART_AutoBaudRateNewRequest             0x0800106d   Thumb Code    12  stm32f0xx_usart.o(.text)
    USART_SendData                           0x08001079   Thumb Code     8  stm32f0xx_usart.o(.text)
    USART_ReceiveData                        0x08001081   Thumb Code    10  stm32f0xx_usart.o(.text)
    USART_SetAddress                         0x0800108b   Thumb Code    18  stm32f0xx_usart.o(.text)
    USART_MuteModeCmd                        0x0800109d   Thumb Code    28  stm32f0xx_usart.o(.text)
    USART_MuteModeWakeUpConfig               0x080010b9   Thumb Code    18  stm32f0xx_usart.o(.text)
    USART_AddressDetectionConfig             0x080010cb   Thumb Code    16  stm32f0xx_usart.o(.text)
    USART_LINBreakDetectLengthConfig         0x080010db   Thumb Code    16  stm32f0xx_usart.o(.text)
    USART_LINCmd                             0x080010eb   Thumb Code    28  stm32f0xx_usart.o(.text)
    USART_HalfDuplexCmd                      0x08001107   Thumb Code    24  stm32f0xx_usart.o(.text)
    USART_SetGuardTime                       0x0800111f   Thumb Code    16  stm32f0xx_usart.o(.text)
    USART_SmartCardCmd                       0x0800112f   Thumb Code    24  stm32f0xx_usart.o(.text)
    USART_SmartCardNACKCmd                   0x08001147   Thumb Code    24  stm32f0xx_usart.o(.text)
    USART_SetAutoRetryCount                  0x0800115f   Thumb Code    20  stm32f0xx_usart.o(.text)
    USART_SetBlockLength                     0x08001173   Thumb Code    30  stm32f0xx_usart.o(.text)
    USART_IrDAConfig                         0x08001191   Thumb Code    16  stm32f0xx_usart.o(.text)
    USART_IrDACmd                            0x080011a1   Thumb Code    24  stm32f0xx_usart.o(.text)
    USART_DECmd                              0x080011b9   Thumb Code    28  stm32f0xx_usart.o(.text)
    USART_DEPolarityConfig                   0x080011d5   Thumb Code    18  stm32f0xx_usart.o(.text)
    USART_SetDEAssertionTime                 0x080011e7   Thumb Code    20  stm32f0xx_usart.o(.text)
    USART_SetDEDeassertionTime               0x080011fb   Thumb Code    20  stm32f0xx_usart.o(.text)
    USART_DMACmd                             0x0800120f   Thumb Code    20  stm32f0xx_usart.o(.text)
    USART_DMAReceptionErrorConfig            0x08001223   Thumb Code    18  stm32f0xx_usart.o(.text)
    USART_ITConfig                           0x08001235   Thumb Code    66  stm32f0xx_usart.o(.text)
    USART_RequestCmd                         0x08001277   Thumb Code    20  stm32f0xx_usart.o(.text)
    USART_OverrunDetectionConfig             0x0800128b   Thumb Code    18  stm32f0xx_usart.o(.text)
    USART_GetFlagStatus                      0x0800129d   Thumb Code    20  stm32f0xx_usart.o(.text)
    USART_ClearFlag                          0x080012b1   Thumb Code     4  stm32f0xx_usart.o(.text)
    USART_GetITStatus                        0x080012b5   Thumb Code    78  stm32f0xx_usart.o(.text)
    USART_ClearITPendingBit                  0x08001303   Thumb Code    18  stm32f0xx_usart.o(.text)
    main                                     0x08001315   Thumb Code   350  main.o(.text)
    SystemInit                               0x08001507   Thumb Code   110  system_stm32f0xx_1.o(.text)
    SystemCoreClockUpdate                    0x08001575   Thumb Code   154  system_stm32f0xx_1.o(.text)
    DMA_Config                               0x08001631   Thumb Code   184  dma.o(.text)
    DMA1_Channel2_3_IRQHandler               0x080016e9   Thumb Code    52  dma.o(.text)
    Send_Data_DMA                            0x0800171d   Thumb Code    62  dma.o(.text)
    delay_ms                                 0x08001771   Thumb Code    66  toolsfun.o(.text)
    Delay_Init                               0x080017b3   Thumb Code    54  toolsfun.o(.text)
    delay_us                                 0x080017e9   Thumb Code    58  toolsfun.o(.text)
    LED_Init                                 0x08001823   Thumb Code    48  toolsfun.o(.text)
    LED_ON                                   0x08001853   Thumb Code    14  toolsfun.o(.text)
    LED_OFF                                  0x08001861   Thumb Code    14  toolsfun.o(.text)
    Alert_Init                               0x0800186f   Thumb Code    84  toolsfun.o(.text)
    Card_Init                                0x080018c3   Thumb Code    90  toolsfun.o(.text)
    Systick_Init                             0x0800191d   Thumb Code    64  toolsfun.o(.text)
    TimingDelay_Decrement                    0x0800195d   Thumb Code    20  toolsfun.o(.text)
    Delay_ms                                 0x08001971   Thumb Code    20  toolsfun.o(.text)
    GetTags                                  0x08001985   Thumb Code    12  toolsfun.o(.text)
    GetReadRF                                0x08001991   Thumb Code    12  toolsfun.o(.text)
    EXTI13_14_Config                         0x0800199d   Thumb Code   178  toolsfun.o(.text)
    Crc16_DATAs                              0x08001a4f   Thumb Code    70  toolsfun.o(.text)
    SetRFPower                               0x08001a95   Thumb Code    58  toolsfun.o(.text)
    ClearReadTag                             0x08001acf   Thumb Code    12  toolsfun.o(.text)
    Process_Data                             0x08001adb   Thumb Code   444  toolsfun.o(.text)
    USART1_Init                              0x08001d2d   Thumb Code   184  usart1.o(.text)
    USART1_IRQHandler                        0x08001de5   Thumb Code   128  usart1.o(.text)
    NMI_Handler                              0x08001e85   Thumb Code     2  stm32f0xx_it.o(.text)
    HardFault_Handler                        0x08001e87   Thumb Code     4  stm32f0xx_it.o(.text)
    SVC_Handler                              0x08001e8b   Thumb Code     2  stm32f0xx_it.o(.text)
    PendSV_Handler                           0x08001e8d   Thumb Code     2  stm32f0xx_it.o(.text)
    SysTick_Handler                          0x08001e8f   Thumb Code     8  stm32f0xx_it.o(.text)
    EXTI4_15_IRQHandler                      0x08001e97   Thumb Code   316  stm32f0xx_it.o(.text)
    __aeabi_uidiv                            0x08001ff9   Thumb Code     0  aeabi_sdiv.o(.text)
    __aeabi_uidivmod                         0x08001ff9   Thumb Code    20  aeabi_sdiv.o(.text)
    __aeabi_idiv                             0x0800200d   Thumb Code     0  aeabi_sdiv.o(.text)
    __aeabi_idivmod                          0x0800200d   Thumb Code   326  aeabi_sdiv.o(.text)
    __use_two_region_memory                  0x08002153   Thumb Code     2  heapauxi.o(.text)
    __rt_heap_escrow$2region                 0x08002155   Thumb Code     2  heapauxi.o(.text)
    __rt_heap_expand$2region                 0x08002157   Thumb Code     2  heapauxi.o(.text)
    __user_setup_stackheap                   0x08002159   Thumb Code    62  sys_stackheap_outer.o(.text)
    exit                                     0x08002197   Thumb Code    16  exit.o(.text)
    __user_libspace                          0x080021a9   Thumb Code     8  libspace.o(.text)
    __user_perproc_libspace                  0x080021a9   Thumb Code     0  libspace.o(.text)
    __user_perthread_libspace                0x080021a9   Thumb Code     0  libspace.o(.text)
    _sys_exit                                0x080021b1   Thumb Code     8  sys_exit.o(.text)
    __I$use$semihosting                      0x080021bd   Thumb Code     0  use_no_semi.o(.text)
    __use_no_semihosting_swi                 0x080021bd   Thumb Code     2  use_no_semi.o(.text)
    __semihosting_library_function           0x080021bf   Thumb Code     0  indicate_semi.o(.text)
    crc_ta                                   0x080021be   Data          32  toolsfun.o(.constdata)
    Region$$Table$$Base                      0x080021e0   Number         0  anon$$obj.o(Region$$Table)
    Region$$Table$$Limit                     0x08002200   Number         0  anon$$obj.o(Region$$Table)
    SystemCoreClock                          0x20000010   Data           4  system_stm32f0xx_1.o(.data)
    AHBPrescTable                            0x20000014   Data          16  system_stm32f0xx_1.o(.data)
    DMAbusy                                  0x20000024   Data           1  dma.o(.data)
    Cmd_DateCheck                            0x20000028   Data          20  toolsfun.o(.data)
    Cmd_GetTagId                             0x2000003c   Data          22  toolsfun.o(.data)
    Cmd_SetRF                                0x20000052   Data          17  toolsfun.o(.data)
    Cmd_GetRF                                0x20000063   Data          16  toolsfun.o(.data)
    Cmd_ClearTag                             0x20000073   Data          16  toolsfun.o(.data)
    fac_ms                                   0x20000084   Data           2  toolsfun.o(.data)
    fac_us                                   0x20000086   Data           1  toolsfun.o(.data)
    warning                                  0x20000088   Data           2  toolsfun.o(.data)
    alert                                    0x2000008a   Data           2  toolsfun.o(.data)
    RFPower                                  0x2000008c   Data           1  toolsfun.o(.data)
    RFPowerMin                               0x2000008d   Data           1  toolsfun.o(.data)
    RFPowerMax                               0x2000008e   Data           1  toolsfun.o(.data)
    RFPowerStep                              0x2000008f   Data           1  toolsfun.o(.data)
    RFPowerSettingButton                     0x20000090   Data           1  toolsfun.o(.data)
    runstate                                 0x20000091   Data           1  toolsfun.o(.data)
    IsActive                                 0x20000092   Data           1  toolsfun.o(.data)
    a                                        0x20000094   Data           4  toolsfun.o(.data)
    TimingDelay                              0x20000098   Data           4  toolsfun.o(.data)
    Tags                                     0x2000009c   Data           1  toolsfun.o(.data)
    DATA_LEN                                 0x2000009e   Data           2  usart1.o(.data)
    USART1_RECEIVE_DATA                      0x200000a0   Data         500  dma.o(.bss)
    USART1_SEND_DATA                         0x20000294   Data         100  dma.o(.bss)
    Card_Ids                                 0x200002f8   Data          48  toolsfun.o(.bss)
    __libspace_start                         0x20000328   Data          96  libspace.o(.bss)
    __temporary_stack_top$libspace           0x20000388   Data           0  libspace.o(.bss)



==============================================================================

Memory Map of the image

  Image Entry point : 0x080000c1

  Load Region LR_IROM1 (Base: 0x08000000, Size: 0x000022a0, Max: 0x00004000, ABSOLUTE)

    Execution Region ER_IROM1 (Base: 0x08000000, Size: 0x00002200, Max: 0x00004000, ABSOLUTE)

    Base Addr    Size         Type   Attr      Idx    E Section Name        Object

    0x08000000   0x000000c0   Data   RO            3    RESET               startup_stm32f0xx.o
    0x080000c0   0x00000008   Code   RO          713  * !!!main             c_p.l(__main.o)
    0x080000c8   0x0000003c   Code   RO          882    !!!scatter          c_p.l(__scatter.o)
    0x08000104   0x0000001a   Code   RO          884    !!handler_copy      c_p.l(__scatter_copy.o)
    0x0800011e   0x00000002   PAD
    0x08000120   0x0000001c   Code   RO          886    !!handler_zi        c_p.l(__scatter_zi.o)
    0x0800013c   0x00000002   Code   RO          751    .ARM.Collect$$libinit$$00000000  c_p.l(libinit.o)
    0x0800013e   0x00000000   Code   RO          765    .ARM.Collect$$libinit$$00000002  c_p.l(libinit2.o)
    0x0800013e   0x00000000   Code   RO          767    .ARM.Collect$$libinit$$00000004  c_p.l(libinit2.o)
    0x0800013e   0x00000000   Code   RO          770    .ARM.Collect$$libinit$$0000000A  c_p.l(libinit2.o)
    0x0800013e   0x00000000   Code   RO          772    .ARM.Collect$$libinit$$0000000C  c_p.l(libinit2.o)
    0x0800013e   0x00000000   Code   RO          774    .ARM.Collect$$libinit$$0000000E  c_p.l(libinit2.o)
    0x0800013e   0x00000000   Code   RO          777    .ARM.Collect$$libinit$$00000011  c_p.l(libinit2.o)
    0x0800013e   0x00000000   Code   RO          779    .ARM.Collect$$libinit$$00000013  c_p.l(libinit2.o)
    0x0800013e   0x00000000   Code   RO          781    .ARM.Collect$$libinit$$00000015  c_p.l(libinit2.o)
    0x0800013e   0x00000000   Code   RO          783    .ARM.Collect$$libinit$$00000017  c_p.l(libinit2.o)
    0x0800013e   0x00000000   Code   RO          785    .ARM.Collect$$libinit$$00000019  c_p.l(libinit2.o)
    0x0800013e   0x00000000   Code   RO          787    .ARM.Collect$$libinit$$0000001B  c_p.l(libinit2.o)
    0x0800013e   0x00000000   Code   RO          789    .ARM.Collect$$libinit$$0000001D  c_p.l(libinit2.o)
    0x0800013e   0x00000000   Code   RO          791    .ARM.Collect$$libinit$$0000001F  c_p.l(libinit2.o)
    0x0800013e   0x00000000   Code   RO          793    .ARM.Collect$$libinit$$00000021  c_p.l(libinit2.o)
    0x0800013e   0x00000000   Code   RO          795    .ARM.Collect$$libinit$$00000023  c_p.l(libinit2.o)
    0x0800013e   0x00000000   Code   RO          797    .ARM.Collect$$libinit$$00000025  c_p.l(libinit2.o)
    0x0800013e   0x00000000   Code   RO          801    .ARM.Collect$$libinit$$0000002C  c_p.l(libinit2.o)
    0x0800013e   0x00000000   Code   RO          803    .ARM.Collect$$libinit$$0000002E  c_p.l(libinit2.o)
    0x0800013e   0x00000000   Code   RO          805    .ARM.Collect$$libinit$$00000030  c_p.l(libinit2.o)
    0x0800013e   0x00000000   Code   RO          807    .ARM.Collect$$libinit$$00000032  c_p.l(libinit2.o)
    0x0800013e   0x00000002   Code   RO          808    .ARM.Collect$$libinit$$00000033  c_p.l(libinit2.o)
    0x08000140   0x00000002   Code   RO          839    .ARM.Collect$$libshutdown$$00000000  c_p.l(libshutdown.o)
    0x08000142   0x00000000   Code   RO          865    .ARM.Collect$$libshutdown$$00000002  c_p.l(libshutdown2.o)
    0x08000142   0x00000000   Code   RO          867    .ARM.Collect$$libshutdown$$00000004  c_p.l(libshutdown2.o)
    0x08000142   0x00000000   Code   RO          870    .ARM.Collect$$libshutdown$$00000007  c_p.l(libshutdown2.o)
    0x08000142   0x00000000   Code   RO          873    .ARM.Collect$$libshutdown$$0000000A  c_p.l(libshutdown2.o)
    0x08000142   0x00000000   Code   RO          875    .ARM.Collect$$libshutdown$$0000000C  c_p.l(libshutdown2.o)
    0x08000142   0x00000000   Code   RO          878    .ARM.Collect$$libshutdown$$0000000F  c_p.l(libshutdown2.o)
    0x08000142   0x00000002   Code   RO          879    .ARM.Collect$$libshutdown$$00000010  c_p.l(libshutdown2.o)
    0x08000144   0x00000000   Code   RO          715    .ARM.Collect$$rtentry$$00000000  c_p.l(__rtentry.o)
    0x08000144   0x00000000   Code   RO          721    .ARM.Collect$$rtentry$$00000002  c_p.l(__rtentry2.o)
    0x08000144   0x00000006   Code   RO          733    .ARM.Collect$$rtentry$$00000004  c_p.l(__rtentry4.o)
    0x0800014a   0x00000000   Code   RO          723    .ARM.Collect$$rtentry$$00000009  c_p.l(__rtentry2.o)
    0x0800014a   0x00000004   Code   RO          724    .ARM.Collect$$rtentry$$0000000A  c_p.l(__rtentry2.o)
    0x0800014e   0x00000000   Code   RO          726    .ARM.Collect$$rtentry$$0000000C  c_p.l(__rtentry2.o)
    0x0800014e   0x00000008   Code   RO          727    .ARM.Collect$$rtentry$$0000000D  c_p.l(__rtentry2.o)
    0x08000156   0x00000002   Code   RO          756    .ARM.Collect$$rtexit$$00000000  c_p.l(rtexit.o)
    0x08000158   0x00000000   Code   RO          812    .ARM.Collect$$rtexit$$00000002  c_p.l(rtexit2.o)
    0x08000158   0x00000004   Code   RO          813    .ARM.Collect$$rtexit$$00000003  c_p.l(rtexit2.o)
    0x0800015c   0x00000006   Code   RO          814    .ARM.Collect$$rtexit$$00000004  c_p.l(rtexit2.o)
    0x08000162   0x00000002   PAD
    0x08000164   0x00000038   Code   RO            4    .text               startup_stm32f0xx.o
    0x0800019c   0x00000170   Code   RO          218    .text               stm32f0xx_dma.o
    0x0800030c   0x00000108   Code   RO          238    .text               stm32f0xx_exti.o
    0x08000414   0x000001f0   Code   RO          278    .text               stm32f0xx_gpio.o
    0x08000604   0x000000b4   Code   RO          338    .text               stm32f0xx_misc.o
    0x080006b8   0x000005f8   Code   RO          378    .text               stm32f0xx_rcc.o
    0x08000cb0   0x000000f0   Code   RO          440    .text               stm32f0xx_syscfg.o
    0x08000da0   0x00000574   Code   RO          480    .text               stm32f0xx_usart.o
    0x08001314   0x00000174   Code   RO          520    .text               main.o
    0x08001488   0x000001a8   Code   RO          551    .text               system_stm32f0xx_1.o
    0x08001630   0x00000140   Code   RO          577    .text               dma.o
    0x08001770   0x000005bc   Code   RO          630    .text               toolsfun.o
    0x08001d2c   0x00000158   Code   RO          661    .text               usart1.o
    0x08001e84   0x00000174   Code   RO          684    .text               stm32f0xx_it.o
    0x08001ff8   0x0000015a   Code   RO          707    .text               c_p.l(aeabi_sdiv.o)
    0x08002152   0x00000006   Code   RO          711    .text               c_p.l(heapauxi.o)
    0x08002158   0x0000003e   Code   RO          737    .text               c_p.l(sys_stackheap_outer.o)
    0x08002196   0x00000010   Code   RO          740    .text               c_p.l(exit.o)
    0x080021a6   0x00000002   PAD
    0x080021a8   0x00000008   Code   RO          752    .text               c_p.l(libspace.o)
    0x080021b0   0x0000000c   Code   RO          809    .text               c_p.l(sys_exit.o)
    0x080021bc   0x00000002   Code   RO          828    .text               c_p.l(use_no_semi.o)
    0x080021be   0x00000000   Code   RO          830    .text               c_p.l(indicate_semi.o)
    0x080021be   0x00000020   Data   RO          632    .constdata          toolsfun.o
    0x080021de   0x00000002   PAD
    0x080021e0   0x00000020   Data   RO          880    Region$$Table       anon$$obj.o


    Execution Region RW_IRAM1 (Base: 0x20000000, Size: 0x00000988, Max: 0x00001000, ABSOLUTE)

    Base Addr    Size         Type   Attr      Idx    E Section Name        Object

    0x20000000   0x00000010   Data   RW          379    .data               stm32f0xx_rcc.o
    0x20000010   0x00000014   Data   RW          552    .data               system_stm32f0xx_1.o
    0x20000024   0x00000001   Data   RW          579    .data               dma.o
    0x20000025   0x00000003   PAD
    0x20000028   0x00000075   Data   RW          633    .data               toolsfun.o
    0x2000009d   0x00000001   PAD
    0x2000009e   0x00000002   Data   RW          662    .data               usart1.o
    0x200000a0   0x00000258   Zero   RW          578    .bss                dma.o
    0x200002f8   0x00000030   Zero   RW          631    .bss                toolsfun.o
    0x20000328   0x00000060   Zero   RW          753    .bss                c_p.l(libspace.o)
    0x20000388   0x00000200   Zero   RW            2    HEAP                startup_stm32f0xx.o
    0x20000588   0x00000400   Zero   RW            1    STACK               startup_stm32f0xx.o


==============================================================================

Image component sizes


      Code (inc. data)   RO Data    RW Data    ZI Data      Debug   Object Name

       320         22          0          1        600       1817   dma.o
       372         22          0          0          0        731   main.o
        56         26        192          0       1536        716   startup_stm32f0xx.o
         0          0          0          0          0     121204   stm32f0xx_adc.o
       368         12          0          0          0       3454   stm32f0xx_dma.o
       264         14          0          0          0       2263   stm32f0xx_exti.o
       496         22          0          0          0       3733   stm32f0xx_gpio.o
       372         38          0          0          0       1335   stm32f0xx_it.o
       180         14          0          0          0       1352   stm32f0xx_misc.o
      1528         42          0         16          0       8602   stm32f0xx_rcc.o
       240          4          0          0          0       2026   stm32f0xx_syscfg.o
      1396         12          0          0          0      12111   stm32f0xx_usart.o
       424         34          0         20          0       1695   system_stm32f0xx_1.o
      1468        110         32        117         48      12186   toolsfun.o
       344         32          0          2          0       1171   usart1.o

    ----------------------------------------------------------------------
      7828        404        258        160       2184     174396   Object Totals
         0          0         32          0          0          0   (incl. Generated)
         0          0          2          4          0          0   (incl. Padding)

    ----------------------------------------------------------------------

      Code (inc. data)   RO Data    RW Data    ZI Data      Debug   Library Member Name

         8          0          0          0          0         68   __main.o
         0          0          0          0          0          0   __rtentry.o
        12          0          0          0          0          0   __rtentry2.o
         6          0          0          0          0          0   __rtentry4.o
        60          8          0          0          0          0   __scatter.o
        26          0          0          0          0          0   __scatter_copy.o
        28          0          0          0          0          0   __scatter_zi.o
       346          0          0          0          0         92   aeabi_sdiv.o
        16          0          0          0          0         68   exit.o
         6          0          0          0          0        136   heapauxi.o
         0          0          0          0          0          0   indicate_semi.o
         2          0          0          0          0          0   libinit.o
         2          0          0          0          0          0   libinit2.o
         2          0          0          0          0          0   libshutdown.o
         2          0          0          0          0          0   libshutdown2.o
         8          4          0          0         96         68   libspace.o
         2          0          0          0          0          0   rtexit.o
        10          0          0          0          0          0   rtexit2.o
        12          4          0          0          0         60   sys_exit.o
        62          0          0          0          0         80   sys_stackheap_outer.o
         2          0          0          0          0         68   use_no_semi.o

    ----------------------------------------------------------------------
       618         16          0          0         96        640   Library Totals
         6          0          0          0          0          0   (incl. Padding)

    ----------------------------------------------------------------------

      Code (inc. data)   RO Data    RW Data    ZI Data      Debug   Library Name

       612         16          0          0         96        640   c_p.l

    ----------------------------------------------------------------------
       618         16          0          0         96        640   Library Totals

    ----------------------------------------------------------------------

==============================================================================


      Code (inc. data)   RO Data    RW Data    ZI Data      Debug   

      8446        420        258        160       2280     173748   Grand Totals
      8446        420        258        160       2280     173748   ELF Image Totals
      8446        420        258        160          0          0   ROM Totals

==============================================================================

    Total RO  Size (Code + RO Data)                 8704 (   8.50kB)
    Total RW  Size (RW Data + ZI Data)              2440 (   2.38kB)
    Total ROM Size (Code + RO Data + RW Data)       8864 (   8.66kB)

==============================================================================

